// Jest Snapshot v1, https://goo.gl/fbAQLP

exports[`Tests de <CounterApp /> Debe de hacer match con el Snapshot 1`] = `
<div>
  <div
    class="card"
  >
    <h1>
      CounterApp
    </h1>
    <h2>
      30
    </h2>
    <button>
      +1
    </button>
    <button>
      -1
    </button>
    <button
      aria-label="btn-reset"
    >
      Reset
    </button>
  </div>
</div>
`;
