// Jest Snapshot v1, https://goo.gl/fbAQLP

exports[`Pruebas en <FirstComponent /> Debe hacer match con el snapshot 1`] = `
<div>
  <div
    class="card"
  >
    <h2
      data-testid="test-title"
    >
       
      Soy un test del título
       
    </h2>
    <h3>
      2
    </h3>
    <h4>
      No hay subtítulo
    </h4>
    <h4>
      No hay subtítulo
    </h4>
    <h5>
      Daniel Cueto
    </h5>
  </div>
</div>
`;
